// Jest Snapshot v1, https://goo.gl/fbAQLP

exports[`checks if home page renders correctly with sample groups 1`] = `
<div
  className="pl-6 pr-8"
>
  <div
    className="flex inline-block mb-4 mt-4 pl-5"
  >
    <p
      className="pr-8 text-2xl"
    >
      Moje grupy
    </p>
    <a
      className=""
      href="/create/group"
      onClick={[Function]}
    >
      <button
        className="text-black text-base underline items-center pt-2"
        type="button"
      >
        Stwórz grupę +
      </button>
    </a>
    <div
      className="absolute inline-block text-left right-0 mr-16"
    >
      <div
        className="flex inline"
      >
        <span
          className="mr-2"
        >
          Wyświetlane grupy: 
        </span>
        <button
          className="flex inline underline"
          onClick={[Function]}
        >
          Wszystkie grupy
          <svg
            className=" ml-1 h-full w-[9px] items-center"
            fill="currentColor"
            height="1em"
            stroke="currentColor"
            strokeWidth="0"
            style={
              {
                "color": undefined,
              }
            }
            viewBox="0 0 320 512"
            width="1em"
            xmlns="http://www.w3.org/2000/svg"
          >
            <path
              d="M31.3 192h257.3c17.8 0 26.7 21.5 14.1 34.1L174.1 354.8c-7.8 7.8-20.5 7.8-28.3 0L17.2 226.1C4.6 213.5 13.5 192 31.3 192z"
            />
          </svg>
        </button>
      </div>
    </div>
  </div>
  <div
    className="relative flex flex-wrap gap-x-5 gap-y-2 bg-light_gray px-8 py-6 bg-lilly-bg rounded-md"
  />
</div>
`;
